2026-08-03 07:40:13,918 - mmdet3d - INFO - Config:
seed = 0
deterministic = False
checkpoint_config = dict(interval=1, max_keep_ckpts=1)
log_config = dict(
    interval=50,
    hooks=[dict(type='TextLoggerHook'),
           dict(type='TensorboardLoggerHook')])
load_from = 'checkpoint/bevfusion-seg.pth'
resume_from = None
cudnn_benchmark = False
fp16 = dict(loss_scale=dict(growth_interval=2000))
max_epochs = 50
runner = dict(type='CustomEpochBasedRunner', max_epochs=50)
dataset_type = 'RobotBEVDataset'
dataset_root = '/data/'
image_size = [256, 704]
point_cloud_range = [0.0, -1.52, -0.5, 3.04, 1.52, 2.0]
voxel_size = [0.005, 0.005, 0.1]
gt_paste_stop_epoch = -1
reduce_beams = None
load_dim = 5
use_dim = 5
load_augmented = None
object_classes = []
map_classes = ['floor', 'carpet', 'wall', 'furniture', 'door', 'clutter']
input_modality = dict(
    use_lidar=True,
    use_camera=True,
    use_radar=False,
    use_map=False,
    use_external=False)
augment2d = dict(
    resize=[[1.1, 1.1], [1.1, 1.1]],
    rotate=[0.0, 0.0],
    gridmask=dict(prob=0.0, fixed_prob=True))
augment3d = dict(scale=[1.0, 1.0], rotate=[0.0, 0.0], translate=0.0)
model = dict(
    type='BEVFusion',
    encoders=dict(
        camera=dict(
            backbone=dict(
                type='MobileNetV2',
                widen_factor=1.0,
                out_indices=[2, 4, 7],
                frozen_stages=-1,
                norm_cfg=dict(type='BN', eps=0.001, momentum=0.03),
                norm_eval=False,
                with_cp=False,
                init_cfg=dict(
                    type='Pretrained',
                    checkpoint='open-mmlab://mmdet/mobilenet_v2')),
            neck=dict(
                type='GeneralizedLSSFPN',
                in_channels=[32, 96, 1280],
                out_channels=256,
                start_level=0,
                num_outs=3,
                norm_cfg=dict(type='BN2d', requires_grad=True),
                act_cfg=dict(type='ReLU', inplace=True),
                upsample_cfg=dict(mode='bilinear', align_corners=False)),
            vtransform=dict(
                type='LSSTransform',
                in_channels=256,
                out_channels=80,
                image_size=[256, 704],
                feature_size=[32, 88],
                xbound=[0.0, 3.04, 0.02],
                ybound=[-1.52, 1.52, 0.02],
                zbound=[-0.5, 2.0, 2.5],
                dbound=[0.1, 5.0, 0.05],
                downsample=2)),
        lidar=dict(
            voxelize=dict(
                max_num_points=10,
                point_cloud_range=[0.0, -1.52, -0.5, 3.04, 1.52, 2.0],
                voxel_size=[0.005, 0.005, 0.1],
                max_voxels=[60000, 90000]),
            backbone=dict(
                type='SparseEncoder',
                in_channels=5,
                sparse_shape=[608, 608, 25],
                output_channels=128,
                order=['conv', 'norm', 'act'],
                encoder_channels=[[16, 16, 32], [32, 32, 64], [64, 64, 128],
                                  [128, 128]],
                encoder_paddings=[[0, 0, 1], [0, 0, 1], [0, 0, [1, 1, 0]],
                                  [0, 0]],
                block_type='basicblock'))),
    fuser=dict(type='ConvFuser', in_channels=[80, 128], out_channels=256),
    decoder=dict(
        backbone=dict(
            type='SECOND',
            in_channels=256,
            out_channels=[128, 256],
            layer_nums=[5, 5],
            layer_strides=[1, 2],
            norm_cfg=dict(type='BN', eps=0.001, momentum=0.01),
            conv_cfg=dict(type='Conv2d', bias=False)),
        neck=dict(
            type='SECONDFPN',
            in_channels=[128, 256],
            out_channels=[256, 256],
            upsample_strides=[1, 2],
            norm_cfg=dict(type='BN', eps=0.001, momentum=0.01),
            upsample_cfg=dict(type='deconv', bias=False),
            use_conv_for_no_stride=True)),
    heads=dict(
        object=None,
        map=dict(
            type='BEVSegmentationHead',
            in_channels=512,
            grid_transform=dict(
                input_scope=[[0.0, 3.04, 0.04], [-1.52, 1.52, 0.04]],
                output_scope=[[0.0, 3.0, 0.02], [-1.5, 1.5, 0.02]]),
            classes=[
                'floor', 'carpet', 'wall', 'furniture', 'door', 'clutter'
            ],
            loss='focal')))
robot_train_pipeline = [
    dict(type='LoadMultiViewImageFromFiles', to_float32=True),
    dict(
        type='LoadPointsFromFile',
        coord_type='LIDAR',
        load_dim=5,
        use_dim=5,
        reduce_beams=None,
        load_augmented=None),
    dict(
        type='LoadPointsFromMultiSweeps',
        sweeps_num=3,
        load_dim=5,
        use_dim=5,
        reduce_beams=None,
        pad_empty_sweeps=True,
        remove_close=False,
        load_augmented=None),
    dict(
        type='LoadAnnotations3D',
        with_bbox_3d=True,
        with_label_3d=True,
        with_attr_label=False),
    dict(
        type='ImageAug3D',
        final_dim=[256, 704],
        resize_lim=[1.1, 1.1],
        bot_pct_lim=[0.0, 0.0],
        rot_lim=[0.0, 0.0],
        rand_flip=False,
        is_train=True),
    dict(
        type='GlobalRotScaleTrans',
        resize_lim=[1.0, 1.0],
        rot_lim=[0.0, 0.0],
        trans_lim=0.0,
        is_train=True),
    dict(
        type='LoadRobotBEVSegmentation',
        classes=['floor', 'carpet', 'wall', 'furniture', 'door', 'clutter']),
    dict(
        type='PointsRangeFilter',
        point_cloud_range=[0.0, -1.52, -0.5, 3.04, 1.52, 2.0]),
    dict(
        type='ImageNormalize',
        mean=[0.485, 0.456, 0.406],
        std=[0.229, 0.224, 0.225]),
    dict(
        type='GridMask',
        use_h=True,
        use_w=True,
        max_epoch=50,
        rotate=1,
        offset=False,
        ratio=0.5,
        mode=1,
        prob=0.0,
        fixed_prob=True),
    dict(type='PointShuffle'),
    dict(type='DefaultFormatBundle3D', classes=[]),
    dict(
        type='Collect3D',
        keys=[
            'img', 'points', 'gt_bboxes_3d', 'gt_labels_3d', 'gt_masks_bev',
            'gt_supervision_mask_bev'
        ],
        meta_keys=[
            'camera_intrinsics', 'camera2ego', 'lidar2ego', 'lidar2camera',
            'camera2lidar', 'lidar2image', 'img_aug_matrix', 'lidar_aug_matrix'
        ])
]
robot_test_pipeline = [
    dict(type='LoadMultiViewImageFromFiles', to_float32=True),
    dict(
        type='LoadPointsFromFile',
        coord_type='LIDAR',
        load_dim=5,
        use_dim=5,
        reduce_beams=None,
        load_augmented=None),
    dict(
        type='LoadPointsFromMultiSweeps',
        sweeps_num=3,
        load_dim=5,
        use_dim=5,
        reduce_beams=None,
        pad_empty_sweeps=True,
        remove_close=False,
        test_mode=True,
        load_augmented=None),
    dict(
        type='LoadAnnotations3D',
        with_bbox_3d=True,
        with_label_3d=True,
        with_attr_label=False),
    dict(
        type='ImageAug3D',
        final_dim=[256, 704],
        resize_lim=[1.1, 1.1],
        bot_pct_lim=[0.0, 0.0],
        rot_lim=[0.0, 0.0],
        rand_flip=False,
        is_train=False),
    dict(
        type='GlobalRotScaleTrans',
        resize_lim=[1.0, 1.0],
        rot_lim=[0.0, 0.0],
        trans_lim=0.0,
        is_train=False),
    dict(
        type='LoadRobotBEVSegmentation',
        classes=['floor', 'carpet', 'wall', 'furniture', 'door', 'clutter']),
    dict(
        type='PointsRangeFilter',
        point_cloud_range=[0.0, -1.52, -0.5, 3.04, 1.52, 2.0]),
    dict(
        type='ImageNormalize',
        mean=[0.485, 0.456, 0.406],
        std=[0.229, 0.224, 0.225]),
    dict(type='DefaultFormatBundle3D', classes=[]),
    dict(
        type='Collect3D',
        keys=[
            'img', 'points', 'gt_bboxes_3d', 'gt_labels_3d', 'gt_masks_bev',
            'gt_supervision_mask_bev'
        ],
        meta_keys=[
            'camera_intrinsics', 'camera2ego', 'lidar2ego', 'lidar2camera',
            'camera2lidar', 'lidar2image', 'img_aug_matrix', 'lidar_aug_matrix'
        ])
]
data = dict(
    samples_per_gpu=2,
    workers_per_gpu=2,
    train=dict(
        type='RobotBEVDataset',
        dataset_root='/data/',
        ann_file='/data/bevfusion_infos_train.pkl',
        pipeline=[
            dict(type='LoadMultiViewImageFromFiles', to_float32=True),
            dict(
                type='LoadPointsFromFile',
                coord_type='LIDAR',
                load_dim=5,
                use_dim=5,
                reduce_beams=None,
                load_augmented=None),
            dict(
                type='LoadPointsFromMultiSweeps',
                sweeps_num=3,
                load_dim=5,
                use_dim=5,
                reduce_beams=None,
                pad_empty_sweeps=True,
                remove_close=False,
                load_augmented=None),
            dict(
                type='LoadAnnotations3D',
                with_bbox_3d=True,
                with_label_3d=True,
                with_attr_label=False),
            dict(
                type='ImageAug3D',
                final_dim=[256, 704],
                resize_lim=[1.1, 1.1],
                bot_pct_lim=[0.0, 0.0],
                rot_lim=[0.0, 0.0],
                rand_flip=False,
                is_train=True),
            dict(
                type='GlobalRotScaleTrans',
                resize_lim=[1.0, 1.0],
                rot_lim=[0.0, 0.0],
                trans_lim=0.0,
                is_train=True),
            dict(
                type='LoadRobotBEVSegmentation',
                classes=[
                    'floor', 'carpet', 'wall', 'furniture', 'door', 'clutter'
                ]),
            dict(
                type='PointsRangeFilter',
                point_cloud_range=[0.0, -1.52, -0.5, 3.04, 1.52, 2.0]),
            dict(
                type='ImageNormalize',
                mean=[0.485, 0.456, 0.406],
                std=[0.229, 0.224, 0.225]),
            dict(
                type='GridMask',
                use_h=True,
                use_w=True,
                max_epoch=50,
                rotate=1,
                offset=False,
                ratio=0.5,
                mode=1,
                prob=0.0,
                fixed_prob=True),
            dict(type='PointShuffle'),
            dict(type='DefaultFormatBundle3D', classes=[]),
            dict(
                type='Collect3D',
                keys=[
                    'img', 'points', 'gt_bboxes_3d', 'gt_labels_3d',
                    'gt_masks_bev', 'gt_supervision_mask_bev'
                ],
                meta_keys=[
                    'camera_intrinsics', 'camera2ego', 'lidar2ego',
                    'lidar2camera', 'camera2lidar', 'lidar2image',
                    'img_aug_matrix', 'lidar_aug_matrix'
                ])
        ],
        object_classes=[],
        map_classes=[
            'floor', 'carpet', 'wall', 'furniture', 'door', 'clutter'
        ],
        modality=dict(
            use_lidar=True,
            use_camera=True,
            use_radar=False,
            use_map=False,
            use_external=False),
        test_mode=False,
        filter_empty_gt=False,
        box_type_3d='LiDAR'),
    val=dict(
        type='RobotBEVDataset',
        dataset_root='/data/',
        ann_file='/data/bevfusion_infos_val.pkl',
        pipeline=[
            dict(type='LoadMultiViewImageFromFiles', to_float32=True),
            dict(
                type='LoadPointsFromFile',
                coord_type='LIDAR',
                load_dim=5,
                use_dim=5,
                reduce_beams=None,
                load_augmented=None),
            dict(
                type='LoadPointsFromMultiSweeps',
                sweeps_num=3,
                load_dim=5,
                use_dim=5,
                reduce_beams=None,
                pad_empty_sweeps=True,
                remove_close=False,
                test_mode=True,
                load_augmented=None),
            dict(
                type='LoadAnnotations3D',
                with_bbox_3d=True,
                with_label_3d=True,
                with_attr_label=False),
            dict(
                type='ImageAug3D',
                final_dim=[256, 704],
                resize_lim=[1.1, 1.1],
                bot_pct_lim=[0.0, 0.0],
                rot_lim=[0.0, 0.0],
                rand_flip=False,
                is_train=False),
            dict(
                type='GlobalRotScaleTrans',
                resize_lim=[1.0, 1.0],
                rot_lim=[0.0, 0.0],
                trans_lim=0.0,
                is_train=False),
            dict(
                type='LoadRobotBEVSegmentation',
                classes=[
                    'floor', 'carpet', 'wall', 'furniture', 'door', 'clutter'
                ]),
            dict(
                type='PointsRangeFilter',
                point_cloud_range=[0.0, -1.52, -0.5, 3.04, 1.52, 2.0]),
            dict(
                type='ImageNormalize',
                mean=[0.485, 0.456, 0.406],
                std=[0.229, 0.224, 0.225]),
            dict(type='DefaultFormatBundle3D', classes=[]),
            dict(
                type='Collect3D',
                keys=[
                    'img', 'points', 'gt_bboxes_3d', 'gt_labels_3d',
                    'gt_masks_bev', 'gt_supervision_mask_bev'
                ],
                meta_keys=[
                    'camera_intrinsics', 'camera2ego', 'lidar2ego',
                    'lidar2camera', 'camera2lidar', 'lidar2image',
                    'img_aug_matrix', 'lidar_aug_matrix'
                ])
        ],
        object_classes=[],
        map_classes=[
            'floor', 'carpet', 'wall', 'furniture', 'door', 'clutter'
        ],
        modality=dict(
            use_lidar=True,
            use_camera=True,
            use_radar=False,
            use_map=False,
            use_external=False),
        test_mode=False,
        filter_empty_gt=False,
        box_type_3d='LiDAR'),
    test=dict(
        type='RobotBEVDataset',
        dataset_root='/data/',
        ann_file='/data/bevfusion_infos_test.pkl',
        pipeline=[
            dict(type='LoadMultiViewImageFromFiles', to_float32=True),
            dict(
                type='LoadPointsFromFile',
                coord_type='LIDAR',
                load_dim=5,
                use_dim=5,
                reduce_beams=None,
                load_augmented=None),
            dict(
                type='LoadPointsFromMultiSweeps',
                sweeps_num=3,
                load_dim=5,
                use_dim=5,
                reduce_beams=None,
                pad_empty_sweeps=True,
                remove_close=False,
                test_mode=True,
                load_augmented=None),
            dict(
                type='LoadAnnotations3D',
                with_bbox_3d=True,
                with_label_3d=True,
                with_attr_label=False),
            dict(
                type='ImageAug3D',
                final_dim=[256, 704],
                resize_lim=[1.1, 1.1],
                bot_pct_lim=[0.0, 0.0],
                rot_lim=[0.0, 0.0],
                rand_flip=False,
                is_train=False),
            dict(
                type='GlobalRotScaleTrans',
                resize_lim=[1.0, 1.0],
                rot_lim=[0.0, 0.0],
                trans_lim=0.0,
                is_train=False),
            dict(
                type='LoadRobotBEVSegmentation',
                classes=[
                    'floor', 'carpet', 'wall', 'furniture', 'door', 'clutter'
                ]),
            dict(
                type='PointsRangeFilter',
                point_cloud_range=[0.0, -1.52, -0.5, 3.04, 1.52, 2.0]),
            dict(
                type='ImageNormalize',
                mean=[0.485, 0.456, 0.406],
                std=[0.229, 0.224, 0.225]),
            dict(type='DefaultFormatBundle3D', classes=[]),
            dict(
                type='Collect3D',
                keys=[
                    'img', 'points', 'gt_bboxes_3d', 'gt_labels_3d',
                    'gt_masks_bev', 'gt_supervision_mask_bev'
                ],
                meta_keys=[
                    'camera_intrinsics', 'camera2ego', 'lidar2ego',
                    'lidar2camera', 'camera2lidar', 'lidar2image',
                    'img_aug_matrix', 'lidar_aug_matrix'
                ])
        ],
        object_classes=[],
        map_classes=[
            'floor', 'carpet', 'wall', 'furniture', 'door', 'clutter'
        ],
        modality=dict(
            use_lidar=True,
            use_camera=True,
            use_radar=False,
            use_map=False,
            use_external=False),
        test_mode=True,
        filter_empty_gt=False,
        box_type_3d='LiDAR'))
evaluation = dict(
    interval=1,
    save_best='robotbev_map_iou_max',
    rule='greater',
    pipeline=[
        dict(type='LoadMultiViewImageFromFiles', to_float32=True),
        dict(
            type='LoadPointsFromFile',
            coord_type='LIDAR',
            load_dim=5,
            use_dim=5,
            reduce_beams=None,
            load_augmented=None),
        dict(
            type='LoadPointsFromMultiSweeps',
            sweeps_num=3,
            load_dim=5,
            use_dim=5,
            reduce_beams=None,
            pad_empty_sweeps=True,
            remove_close=False,
            test_mode=True,
            load_augmented=None),
        dict(
            type='LoadAnnotations3D',
            with_bbox_3d=True,
            with_label_3d=True,
            with_attr_label=False),
        dict(
            type='ImageAug3D',
            final_dim=[256, 704],
            resize_lim=[1.1, 1.1],
            bot_pct_lim=[0.0, 0.0],
            rot_lim=[0.0, 0.0],
            rand_flip=False,
            is_train=False),
        dict(
            type='GlobalRotScaleTrans',
            resize_lim=[1.0, 1.0],
            rot_lim=[0.0, 0.0],
            trans_lim=0.0,
            is_train=False),
        dict(
            type='LoadRobotBEVSegmentation',
            classes=[
                'floor', 'carpet', 'wall', 'furniture', 'door', 'clutter'
            ]),
        dict(
            type='PointsRangeFilter',
            point_cloud_range=[0.0, -1.52, -0.5, 3.04, 1.52, 2.0]),
        dict(
            type='ImageNormalize',
            mean=[0.485, 0.456, 0.406],
            std=[0.229, 0.224, 0.225]),
        dict(type='DefaultFormatBundle3D', classes=[]),
        dict(
            type='Collect3D',
            keys=[
                'img', 'points', 'gt_bboxes_3d', 'gt_labels_3d',
                'gt_masks_bev', 'gt_supervision_mask_bev'
            ],
            meta_keys=[
                'camera_intrinsics', 'camera2ego', 'lidar2ego', 'lidar2camera',
                'camera2lidar', 'lidar2image', 'img_aug_matrix',
                'lidar_aug_matrix'
            ])
    ])
optimizer = dict(type='AdamW', lr=5e-05, weight_decay=0.01)
optimizer_config = dict(grad_clip=dict(max_norm=35, norm_type=2))
lr_config = dict(policy='cyclic')
momentum_config = dict(policy='cyclic')
baseline_metrics = dict(
    enabled=True,
    train_output='baseline_train_metrics.jsonl',
    inference_warmup_batches=5)
early_stopping = dict(
    enabled=True,
    monitor='robotbev_map_iou_max',
    rule='greater',
    patience=6,
    min_delta=0.0001,
    start_epoch=20,
    state_file='early_stopping_state.json')
load_from_ignore_shape_mismatch = True
load_from_skip_prefixes = [
    'encoders.camera.backbone', 'encoders.camera.neck',
    'heads.map.classifier.6'
]
run_dir = '/output/lightcode/lightnet_b6_bs2'

2026-08-03 07:40:13,919 - mmdet3d - INFO - Set random seed to 0, deterministic mode: False
2026-08-03 07:40:15,386 - mmdet3d - INFO - initialize MobileNetV2 with init_cfg {'type': 'Pretrained', 'checkpoint': 'open-mmlab://mmdet/mobilenet_v2'}
